// Jest Snapshot v1, https://goo.gl/fbAQLP

exports[`FieldWrapper should render layout 1`] = `ShallowWrapper {}`;
