// Jest Snapshot v1, https://goo.gl/fbAQLP

exports[`FieldInput should render layout 1`] = `ShallowWrapper {}`;
