// Jest Snapshot v1, https://goo.gl/fbAQLP

exports[`ResetPassword should render layout 1`] = `ShallowWrapper {}`;
