// Jest Snapshot v1, https://goo.gl/fbAQLP

exports[`Main should render layout 1`] = `ShallowWrapper {}`;
